docker : #0 building with "desktop-linux" instance using docker driver
At line:1 char:1
+ docker build --progress=plain -t test-frontend ./frontend > build_out ...
+ ~~~~~~~~~~~~~~~~~~~~~~~~~~~~~~~~~~~~~~~~~~~~~~~~~~~~~~~~~~~~~~~~~~~~~
    + CategoryInfo          : NotSpecified: (#0 building wit...g docker driver:String) [], RemoteException
    + FullyQualifiedErrorId : NativeCommandError
 

#1 [internal] load build definition from Dockerfile
#1 transferring dockerfile: 2.70kB done
#1 DONE 0.0s

#2 [internal] load metadata for docker.io/library/node:22-alpine
#2 DONE 0.8s

#3 [internal] load metadata for docker.io/library/nginx:1.27-alpine
#3 DONE 2.3s

#4 [internal] load .dockerignore
#4 transferring context: 110B done
#4 DONE 0.0s

#5 [stage-1 1/5] FROM 
docker.io/library/nginx:1.27-alpine@sha256:65645c7bb6a0661892a8b03b89d0743208a18dd2f3f17a54ef4b76fb8e2f2a10
#5 resolve docker.io/library/nginx:1.27-alpine@sha256:65645c7bb6a0661892a8b03b89d0743208a18dd2f3f17a54ef4b76fb8e2f2a10 
0.0s done
#5 DONE 0.0s

#6 [build  1/12] FROM 
docker.io/library/node:22-alpine@sha256:8ea2348b068a9544dae7317b4f3aafcdc032df1647bb7d768a05a5cad1a7683f
#6 resolve docker.io/library/node:22-alpine@sha256:8ea2348b068a9544dae7317b4f3aafcdc032df1647bb7d768a05a5cad1a7683f 
0.0s done
#6 DONE 0.0s

#7 [internal] load build context
#7 transferring context: 5.71kB 0.0s done
#7 DONE 0.0s

#8 [build  3/12] COPY package.json package-lock.json ./
#8 CACHED

#9 [build  4/12] RUN npm ci
#9 CACHED

#10 [build  2/12] WORKDIR /app
#10 CACHED

#11 [build  5/12] COPY . .
#11 CACHED

#12 [stage-1 2/5] COPY nginx.conf /etc/nginx/conf.d/default.conf
#12 CACHED

#13 [build  6/12] RUN npm run build:admin
#13 0.441 
#13 0.441 > build:admin
#13 0.441 > vite build --mode admin --outDir dist-admin
#13 0.441 
#13 2.683 vite v7.3.2 building client environment for admin...
#13 2.767 transforming...
#13 13.28 Γ£ô 3072 modules transformed.
#13 13.92 rendering chunks...
#13 14.23 computing gzip size...
#13 14.27 dist-admin/client/assets/styles-znoFbEKx.css              101.23 kB Γöé gzip:  15.90 kB
#13 14.27 dist-admin/client/assets/doctorsService-CHZE5aYi.js         0.12 kB Γöé gzip:   0.13 kB
#13 14.27 dist-admin/client/assets/mic-Wy2nBZDm.js                    0.23 kB Γöé gzip:   0.20 kB
#13 14.27 dist-admin/client/assets/index-Cl88RX6X.js                  0.34 kB Γöé gzip:   0.23 kB
#13 14.27 dist-admin/client/assets/chat-md5c82Ju.js                   0.37 kB Γöé gzip:   0.26 kB
#13 14.27 dist-admin/client/assets/repeat-2-DQ_QmXwW.js               0.48 kB Γöé gzip:   0.30 kB
#13 14.27 dist-admin/client/assets/sparkles-T1pfqkcC.js               0.50 kB Γöé gzip:   0.28 kB
#13 14.27 dist-admin/client/assets/activity-_rcgnIPN.js               0.52 kB Γöé gzip:   0.33 kB
#13 14.27 dist-admin/client/assets/label-BYBnhjcS.js                  1.38 kB Γöé gzip:   0.75 kB
#13 14.27 dist-admin/client/assets/ActivityFeed-ovnztf_9.js           2.22 kB Γöé gzip:   1.04 kB
#13 14.27 dist-admin/client/assets/appointmentsService-wQIb6lPI.js    2.42 kB Γöé gzip:   0.99 kB
#13 14.27 dist-admin/client/assets/login-GFhCZsc6.js                  4.13 kB Γöé gzip:   1.66 kB
#13 14.27 dist-admin/client/assets/scheduling-CBcF7RZW.js             5.20 kB Γöé gzip:   1.99 kB
#13 14.27 dist-admin/client/assets/appointments-UVlrc4MC.js           7.73 kB Γöé gzip:   2.56 kB
#13 14.27 dist-admin/client/assets/patient-CKF25not.js               15.76 kB Γöé gzip:   5.73 kB
#13 14.27 dist-admin/client/assets/ai-ops-DukDS6PI.js                34.66 kB Γöé gzip:   9.20 kB
#13 14.27 dist-admin/client/assets/dashboard-DgzFctKK.js             35.40 kB Γöé gzip:  10.09 kB
#13 14.27 dist-admin/client/assets/select-BmtFdb5n.js                87.58 kB Γöé gzip:  29.11 kB
#13 14.27 dist-admin/client/assets/AreaChart-D1yEJHT0.js            395.15 kB Γöé gzip: 108.77 kB
#13 14.27 dist-admin/client/assets/index-D8DfufBS.js                607.31 kB Γöé gzip: 195.71 kB
#13 14.27 
#13 14.27 (!) Some chunks are larger than 500 kB after minification. Consider:
#13 14.27 - Using dynamic import() to code-split the application
#13 14.27 - Use build.rollupOptions.output.manualChunks to improve chunking: 
https://rollupjs.org/configuration-options/#output-manualchunks
#13 14.27 - Adjust chunk size limit for this warning via build.chunkSizeWarningLimit.
#13 14.28 Γ£ô built in 11.53s
#13 14.28 vite v7.3.2 building ssr environment for admin...
#13 14.29 transforming...
#13 15.46 "createRequestHandler", "defineHandlerCallback", "transformPipeableStreamWithRouter" and 
"transformReadableStreamWithRouter" are imported from external module "@tanstack/router-core/ssr/server" but never 
used in "node_modules/@tanstack/start-server-core/dist/esm/index.js".
#13 15.46 "RawStream" is imported from external module "@tanstack/router-core" but never used in 
"node_modules/@tanstack/start-client-core/dist/esm/index.js".
#13 15.46 "hydrate" and "json" are imported from external module "@tanstack/router-core/ssr/client" but never used in 
"node_modules/@tanstack/start-client-core/dist/esm/index.js".
#13 15.46 Γ£ô 87 modules transformed.
#13 15.50 rendering chunks...
#13 15.53 dist-admin/server/assets/start-HYkvq4Ni.js                                0.06 kB
#13 15.53 dist-admin/server/assets/__23tanstack-start-plugin-adapters-Cwee5PKy.js   0.14 kB
#13 15.53 dist-admin/server/assets/doctorsService-BSz_40k4.js                       0.17 kB
#13 15.53 dist-admin/server/assets/appointmentsService-DEZD1-95.js                  0.42 kB
#13 15.53 dist-admin/server/assets/index-C873HOjY.js                                0.47 kB
#13 15.53 dist-admin/server/assets/chat-TNC_kVzt.js                                 0.50 kB
#13 15.53 dist-admin/server/assets/activity-B9Sg2cyi.js                             0.97 kB
#13 15.53 dist-admin/server/assets/label-B8pgJn8l.js                                1.27 kB
#13 15.53 dist-admin/server/assets/_tanstack-start-manifest_v-BSuaPQoO.js           2.32 kB
#13 15.53 dist-admin/server/assets/ActivityFeed-C96NqKUh.js                         2.94 kB
#13 15.53 dist-admin/server/assets/login-OYBsrQig.js                                6.14 kB
#13 15.53 dist-admin/server/assets/scheduling-YJ6OygsZ.js                           8.12 kB
#13 15.53 dist-admin/server/assets/select-BkF-Xe95.js                               8.16 kB
#13 15.53 dist-admin/server/assets/appointments-C7E8CJrt.js                        12.87 kB
#13 15.53 dist-admin/server/assets/ai-ops-BCxhlWVU.js                              14.41 kB
#13 15.54 dist-admin/server/assets/dashboard-Dt5HxQfX.js                           18.82 kB
#13 15.54 dist-admin/server/assets/patient-CxuYjSzX.js                             23.64 kB
#13 15.54 dist-admin/server/assets/router-BR3pikbA.js                              33.65 kB
#13 15.54 dist-admin/server/server.js                                              38.66 kB
#13 15.54 Γ£ô built in 1.26s
#13 15.54 [prerender] Prerendering pages...
#13 15.70 [prerender] Concurrency: 8
#13 15.70 [prerender] Crawling: /
#13 15.71 [prerender] Crawling: /activity
#13 15.71 [prerender] Crawling: /ai-ops
#13 15.71 [prerender] Crawling: /appointments
#13 15.71 [prerender] Crawling: /chat
#13 15.71 [prerender] Crawling: /dashboard
#13 15.72 [prerender] Crawling: /login
#13 15.72 [prerender] Crawling: /patient
#13 15.74 Error [ERR_MODULE_NOT_FOUND]: Cannot find module '/app/dist/server/server.js' imported from 
/app/node_modules/@tanstack/start-plugin-core/dist/esm/vite/preview-server-plugin/plugin.js
#13 15.74     at finalizeResolution (node:internal/modules/esm/resolve:275:11)
#13 15.74     at moduleResolve (node:internal/modules/esm/resolve:861:10)
#13 15.74     at defaultResolve (node:internal/modules/esm/resolve:985:11)
#13 15.74     at nextResolve (node:internal/modules/esm/hooks:748:28)
#13 15.74     at o (file:///app/node_modules/@tailwindcss/node/dist/esm-cache.loader.mjs:1:69)
#13 15.74     at nextResolve (node:internal/modules/esm/hooks:748:28)
#13 15.74     at Hooks.resolve (node:internal/modules/esm/hooks:240:30)
#13 15.74     at MessagePort.handleMessage (node:internal/modules/esm/worker:199:24)
#13 15.74     at [nodejs.internal.kHybridDispatch] (node:internal/event_target:843:20)
#13 15.74     at MessagePort.<anonymous> (node:internal/per_context/messageport:23:28)
#13 15.76 [prerender] Crawling: /scheduling
#13 15.76 file:///app/node_modules/@tanstack/start-plugin-core/dist/esm/vite/prerender.js:103
#13 15.76 						throw new Error(`Failed to fetch ${page.path}: ${res.statusText}`, { cause: res });
#13 15.76 						      ^
#13 15.76 
#13 15.76 Error: Failed to fetch /: Internal Server Error
#13 15.76     at file:///app/node_modules/@tanstack/start-plugin-core/dist/esm/vite/prerender.js:103:13
#13 15.76     at process.processTicksAndRejections (node:internal/process/task_queues:103:5)
#13 15.76     at async file:///app/node_modules/@tanstack/start-plugin-core/dist/esm/queue.js:35:12 {
#13 15.76   [cause]: Response {
#13 15.76     [Symbol(state)]: {
#13 15.76       aborted: false,
#13 15.76       rangeRequested: false,
#13 15.76       timingAllowPassed: true,
#13 15.76       requestIncludesCredentials: true,
#13 15.76       type: 'default',
#13 15.76       status: 500,
#13 15.76       timingInfo: {
#13 15.76         startTime: 15196.946475,
#13 15.76         redirectStartTime: 0,
#13 15.76         redirectEndTime: 0,
#13 15.76         postRedirectStartTime: 15196.946475,
#13 15.76         finalServiceWorkerStartTime: 0,
#13 15.76         finalNetworkResponseStartTime: 15250.399643,
#13 15.76         finalNetworkRequestStartTime: 15223.30462,
#13 15.76         endTime: 0,
#13 15.76         encodedBodySize: 499,
#13 15.76         decodedBodySize: 0,
#13 15.76         finalConnectionTimingInfo: {
#13 15.76           domainLookupStartTime: 15196.946475,
#13 15.76           domainLookupEndTime: 15196.946475,
#13 15.76           connectionStartTime: 15196.946475,
#13 15.76           connectionEndTime: 15196.946475,
#13 15.76           secureConnectionStartTime: 15196.946475,
#13 15.76           ALPNNegotiatedProtocol: undefined
#13 15.76         }
#13 15.76       },
#13 15.76       cacheState: '',
#13 15.76       statusText: 'Internal Server Error',
#13 15.76       headersList: HeadersList {
#13 15.76         cookies: null,
#13 15.76         [Symbol(headers map)]: Map(9) {
#13 15.76           'vary' => { name: 'vary', value: 'Origin' },
#13 15.76           'content-security-policy' => {
#13 15.76             name: 'content-security-policy',
#13 15.76             value: "default-src 'none'"
#13 15.76           },
#13 15.76           'x-content-type-options' => { name: 'x-content-type-options', value: 'nosniff' },
#13 15.76           'content-type' => { name: 'content-type', value: 'text/html; charset=utf-8' },
#13 15.76           'content-encoding' => { name: 'content-encoding', value: 'gzip' },
#13 15.76           'date' => { name: 'date', value: 'Sat, 02 May 2026 21:14:30 GMT' },
#13 15.76           'connection' => { name: 'connection', value: 'keep-alive' },
#13 15.76           'keep-alive' => { name: 'keep-alive', value: 'timeout=5' },
#13 15.76           'transfer-encoding' => { name: 'transfer-encoding', value: 'chunked' }
#13 15.76         },
#13 15.76         [Symbol(headers map sorted)]: null
#13 15.76       },
#13 15.76       urlList: [ http://localhost:35633/ ],
#13 15.76       body: {
#13 15.76         stream: ReadableStream {
#13 15.76           [Symbol(kType)]: 'ReadableStream',
#13 15.76           [Symbol(kState)]: [Object: null prototype] {
#13 15.76             disturbed: false,
#13 15.76             reader: undefined,
#13 15.76             state: 'readable',
#13 15.76             storedError: undefined,
#13 15.76             transfer: [Object: null prototype],
#13 15.76             controller: [ReadableByteStreamController]
#13 15.76           },
#13 15.76           [Symbol(nodejs.webstream.isClosedPromise)]: {
#13 15.76             promise: [Promise],
#13 15.76             resolve: [Function (anonymous)],
#13 15.76             reject: [Function (anonymous)]
#13 15.76           },
#13 15.76           [Symbol(nodejs.webstream.controllerErrorFunction)]: [Function (anonymous)]
#13 15.76         },
#13 15.76         source: null,
#13 15.76         length: null
#13 15.76       }
#13 15.76     },
#13 15.76     [Symbol(headers)]: Headers {}
#13 15.76   }
#13 15.76 }
#13 15.76 
#13 15.76 Node.js v22.22.2
#13 ERROR: process "/bin/sh -c npm run build:admin" did not complete successfully: exit code: 1
------
 > [build  6/12] RUN npm run build:admin:
15.76         },
15.76         source: null,
15.76         length: null
15.76       }
15.76     },
15.76     [Symbol(headers)]: Headers {}
15.76   }
15.76 }
15.76 
15.76 Node.js v22.22.2
------
Dockerfile:21
--------------------
  19 |     ENV NODE_OPTIONS="--dns-result-order=ipv4first"
  20 |     
  21 | >>> RUN npm run build:admin
  22 |     RUN npm run build:patient
  23 |     
--------------------
ERROR: failed to build: failed to solve: process "/bin/sh -c npm run build:admin" did not complete successfully: exit 
code: 1
